2026-05-25 14:55:37,371 - ERROR - Missing required paths: ['..\\data\\imgs', '..\\data\\masks', '..\\data\\new_metadata.csv']
2026-05-25 14:55:37,371 - ERROR - Feature extraction failed: Configuration validation failed
2026-05-25 20:08:25,137 - ERROR - Missing required paths: ['..\\data\\imgs', '..\\data\\masks', '..\\data\\new_metadata.csv']
2026-05-25 20:08:25,137 - ERROR - Feature extraction failed: Configuration validation failed
2026-05-25 20:09:38,237 - ERROR - Missing required paths: ['..\\data\\imgs', '..\\data\\masks', '..\\data\\new_metadata.csv']
2026-05-25 20:09:38,238 - ERROR - Feature extraction failed: Configuration validation failed
2026-05-25 20:17:17,555 - ERROR - Missing required paths: ['..\\data\\imgs', '..\\data\\masks', '..\\data\\new_metadata.csv']
2026-05-25 20:17:17,557 - ERROR - Feature extraction failed: Configuration validation failed
2026-05-25 20:22:44,997 - INFO - Configuration validated. Using 12 processes.
2026-05-25 20:22:44,997 - INFO - Loading metadata...
2026-05-25 20:22:45,009 - INFO - Filtered to 1945 images with valid masks
2026-05-25 20:22:45,010 - WARNING - Annotations file not found: C:\Users\selez\Documents\ITU\1st year\2nd sem\Projects in Data Science\2026_PDS_Aardvark\data\annotations.csv
2026-05-25 20:22:45,010 - WARNING - All images will use default values (pen=False, hair=0)
2026-05-25 20:22:45,010 - WARNING - 1945 images missing annotations (using defaults)
2026-05-25 20:22:45,010 - INFO - Processing 1945 images
2026-05-25 20:22:45,011 - INFO - Starting parallel processing with 12 processes...
2026-05-25 20:23:57,634 - INFO - 
Processing Summary:
2026-05-25 20:23:57,634 - INFO -   Total images: 1945
2026-05-25 20:23:57,634 - INFO -   Successful: 1945
2026-05-25 20:23:57,635 - INFO -   Failed: 0
2026-05-25 20:23:57,659 - INFO - 
Results saved to: featureDf_complete.csv
2026-05-25 20:23:57,659 - INFO - Total processing time: 1.21 minutes
2026-05-25 20:23:57,659 - INFO - Average time per image: 0.04 seconds
2026-05-25 20:23:57,659 - INFO - 
Feature columns:
2026-05-25 20:23:57,660 - INFO - ['img_id', 'hsv_mean_h', 'hsv_mean_s', 'hsv_mean_v', 'hsv_var_h', 'hsv_std_s', 'hsv_std_v', 'sp_hsv_var_h', 'sp_hsv_std_s', 'sp_hsv_std_v', 'rel_hsv_diff_h', 'rel_hsv_diff_s', 'rel_hsv_diff_v', 'symmetry', 'border', 'diameter', 'processing_status', 'error_message']
2026-05-25 20:23:57,660 - INFO - 
First few rows:
2026-05-25 20:23:57,678 - INFO - Feature extraction completed successfully!
